<html>
<body>
<pre>
<h1>µVision Build Log</h1>
<h2>Tool Versions:</h2>
IDE-Version: µVision V5.25.2.0
Copyright (C) 2018 ARM Ltd and ARM Germany GmbH. All rights reserved.
License Information: Shantanu LENOVO, VIT, LIC=----
 
Tool Versions:
Toolchain:       MDK-Lite  Version: 5.25.2.0
Toolchain Path:  C:\Keil_v5\ARM\ARMCC\Bin
C Compiler:      Armcc.exe V5.06 update 6 (build 750)
Assembler:       Armasm.exe V5.06 update 6 (build 750)
Linker/Locator:  ArmLink.exe V5.06 update 6 (build 750)
Library Manager: ArmAr.exe V5.06 update 6 (build 750)
Hex Converter:   FromElf.exe V5.06 update 6 (build 750)
CPU DLL:         SARM.DLL V5.25.2.0
Dialog DLL:      DARMP.DLL V1.53.0.0
Target DLL:      UL2ARM.DLL V1.74.10.0
Dialog DLL:      TARMP.DLL V1.53.0.0
 
<h2>Project:</h2>
E:\TY_SEM2\ESD_LAB_EXAM\Seven_segment_display_intefacing\seven_segment_interfacing.uvproj
Project File Date:  05/17/2024

<h2>Output:</h2>
*** Using Compiler 'V5.06 update 6 (build 750)', folder: 'C:\Keil_v5\ARM\ARMCC\Bin'
Rebuild target 'Target 1'
assembling Startup.s...
compiling seven_segment_interfacing.c...
seven_segment_interfacing.c(21): warning:  #111-D: statement is unreachable
  	return 0;
seven_segment_interfacing.c(23): warning:  #1-D: last line of file ends without a newline
  }
seven_segment_interfacing.c(14): warning:  #177-D: variable "i"  was declared but never referenced
  	unsigned int i;
seven_segment_interfacing.c: 3 warnings, 0 errors
linking...
Program Size: Code=872 RO-data=32 RW-data=64 ZI-data=1256  
FromELF: creating hex file...
".\Objects\seven_segment_interfacing.axf" - 0 Error(s), 3 Warning(s).
Build Time Elapsed:  00:00:01
</pre>
</body>
</html>
