<html>
<body>
<pre>
<h1>µVision Build Log</h1>
<h2>Tool Versions:</h2>
IDE-Version: µVision V5.25.2.0
Copyright (C) 2018 ARM Ltd and ARM Germany GmbH. All rights reserved.
License Information: Shantanu LENOVO, VIT, LIC=----
 
Tool Versions:
Toolchain:       MDK-Lite  Version: 5.25.2.0
Toolchain Path:  C:\Keil_v5\ARM\ARMCC\Bin
C Compiler:      Armcc.exe V5.06 update 6 (build 750)
Assembler:       Armasm.exe V5.06 update 6 (build 750)
Linker/Locator:  ArmLink.exe V5.06 update 6 (build 750)
Library Manager: ArmAr.exe V5.06 update 6 (build 750)
Hex Converter:   FromElf.exe V5.06 update 6 (build 750)
CPU DLL:         SARM.DLL V5.25.2.0
Dialog DLL:      DARMP.DLL V1.53.0.0
Target DLL:      UL2ARM.DLL V1.74.10.0
Dialog DLL:      TARMP.DLL V1.53.0.0
 
<h2>Project:</h2>
E:\TY_SEM2\ESD_LAB_EXAM\LCD_INTERFACING\LCD_INTERFACING.uvproj
Project File Date:  05/17/2024

<h2>Output:</h2>
*** Using Compiler 'V5.06 update 6 (build 750)', folder: 'C:\Keil_v5\ARM\ARMCC\Bin'
Rebuild target 'Target 1'
assembling Startup.s...
compiling lcd_interfacing.c...
lcd_interfacing.c(34): warning:  #2548-D: multicharacter character literal (potential portability problem)
  	while(message[i]!='/0'){
lcd_interfacing.c(64): warning:  #1-D: last line of file ends without a newline
  }
lcd_interfacing.c: 2 warnings, 0 errors
linking...
Program Size: Code=1100 RO-data=16 RW-data=0 ZI-data=1256  
FromELF: creating hex file...
".\Objects\LCD_INTERFACING.axf" - 0 Error(s), 2 Warning(s).
Build Time Elapsed:  00:00:00
</pre>
</body>
</html>
